Test file for ``3-say_my_name.py`` module
==========================================

>>> say_my_name = __import__("3-say_my_name").say_my_name
>>> say_my_name("mahmoud", "mostafa")
My name is mahmoud mostafa

>>> say_my_name(5, "mostafa")
Traceback (most recent call last):
    ...
TypeError: first_name must be a string

>>> say_my_name("mostafa", 5)
Traceback (most recent call last):
    ...
TypeError: last_name must be a string

>>> say_my_name(None , 5)
Traceback (most recent call last):
    ...
TypeError: first_name must be a string

>>> say_my_name("" , None)
Traceback (most recent call last):
    ...
TypeError: last_name must be a string
mygit 